// Jest Snapshot v1, https://goo.gl/fbAQLP

exports[`Tiles Component renders the component with mock data 1`] = `
<div
  className="flex flex-col w-2/6 gap-6 items-center p-5 bg-light-blue rounded-md shadow-md h-fit"
>
  <img
    alt=""
    className="h-fit w-full  rounded-xl shadow-sm"
    src=""
  />
  <div
    className="h-fit w-fit flex flex-col justify-center pr-4 bg-white rounded-lg  shadow-md"
  >
    <h5
      className="underline text-xl"
    >
      Langages utilis√©s
    </h5>
    <ul
      className="flex gap-10 justify-center m-3"
    >
      <li>
        <img
          alt="Language 1 logo"
          className="w-20"
          src="icon1.png"
        />
      </li>
      <li>
        <img
          alt="Language 2 logo"
          className="w-20"
          src="icon2.png"
        />
      </li>
    </ul>
  </div>
</div>
`;
